-- @description varying_fromtable_now.sql
-- @db_name builtin_functionproperty
-- @author tungs1
-- @modified 2013-04-17 12:00:00
-- @created 2013-04-17 12:00:00
-- @executemode NORMAL
-- @tags functionPropertiesBuiltin HAWQ
-- start_ignore
SET gp_optimizer=on;SET gp_log_optimizer=on;
SET
SET
-- end_ignore
SELECT count( distinct i ) FROM (SELECT now() i from foo) t;
 count 
-------
     1
(1 row)

-- @description varying_join_clock_timestamp.sql
-- @db_name builtin_functionproperty
-- @author tungs1
-- @modified 2013-04-17 12:00:00
-- @created 2013-04-17 12:00:00
-- @executemode NORMAL
-- @tags functionPropertiesBuiltin HAWQ
-- start_ignore
SET gp_optimizer=on;SET gp_log_optimizer=on;
SET
SET
-- end_ignore
SELECT count(distinct i ) FROM clock_timestamp() i, foo j;
 count 
-------
     1
(1 row)

-- @description varying_join_now.sql
-- @db_name builtin_functionproperty
-- @author tungs1
-- @modified 2013-04-17 12:00:00
-- @created 2013-04-17 12:00:00
-- @executemode NORMAL
-- @tags functionPropertiesBuiltin HAWQ
-- start_ignore
SET gp_optimizer=on;SET gp_log_optimizer=on;
SET
SET
-- end_ignore
SELECT count(distinct i ) FROM now() i, foo j;
 count 
-------
     1
(1 row)

-- @description varying_join_random.sql
-- @db_name builtin_functionproperty
-- @author tungs1
-- @modified 2013-04-17 12:00:00
-- @created 2013-04-17 12:00:00
-- @executemode NORMAL
-- @tags functionPropertiesBuiltin HAWQ
-- start_ignore
SET gp_optimizer=on;SET gp_log_optimizer=on;
SET
SET
-- end_ignore
SELECT count(distinct i ) FROM random() i, foo j;
 count 
-------
     1
(1 row)

-- @description varying_join_subqry_clock_timestamp.sql
-- @db_name builtin_functionproperty
-- @author tungs1
-- @modified 2013-04-17 12:00:00
-- @created 2013-04-17 12:00:00
-- @executemode NORMAL
-- @tags functionPropertiesBuiltin HAWQ
-- start_ignore
SET gp_optimizer=on;SET gp_log_optimizer=on;
SET
SET
-- end_ignore
SELECT count(distinct i) FROM foo, (SELECT clock_timestamp() i) t;
 count 
-------
     1
(1 row)

-- @description varying_join_subqry_now.sql
-- @db_name builtin_functionproperty
-- @author tungs1
-- @modified 2013-04-17 12:00:00
-- @created 2013-04-17 12:00:00
-- @executemode NORMAL
-- @tags functionPropertiesBuiltin HAWQ
-- start_ignore
SET gp_optimizer=on;SET gp_log_optimizer=on;
SET
SET
-- end_ignore
SELECT count(distinct i) FROM foo, (SELECT now() i) t;
 count 
-------
     1
(1 row)

-- @description varying_join_subqry_random.sql
-- @db_name builtin_functionproperty
-- @author tungs1
-- @modified 2013-04-17 12:00:00
-- @created 2013-04-17 12:00:00
-- @executemode NORMAL
-- @tags functionPropertiesBuiltin HAWQ
-- start_ignore
SET gp_optimizer=on;SET gp_log_optimizer=on;
SET
SET
-- end_ignore
SELECT count(distinct i) FROM foo, (SELECT random() i) t;
 count 
-------
     1
(1 row)

-- @description varying_join_subqry_timeofday.sql
-- @db_name builtin_functionproperty
-- @author tungs1
-- @modified 2013-04-17 12:00:00
-- @created 2013-04-17 12:00:00
-- @executemode NORMAL
-- @tags functionPropertiesBuiltin HAWQ
-- start_ignore
SET gp_optimizer=on;SET gp_log_optimizer=on;
SET
SET
-- end_ignore
SELECT count(distinct i) FROM foo, (SELECT timeofday() i) t;
 count 
-------
     1
(1 row)

-- @description varying_join_timeofday.sql
-- @db_name builtin_functionproperty
-- @author tungs1
-- @modified 2013-04-17 12:00:00
-- @created 2013-04-17 12:00:00
-- @executemode NORMAL
-- @tags functionPropertiesBuiltin HAWQ
-- start_ignore
SET gp_optimizer=on;SET gp_log_optimizer=on;
SET
SET
-- end_ignore
SELECT count(distinct i ) FROM timeofday() i, foo j;
 count 
-------
     1
(1 row)

-- @description varying_with_generate_series_now.sql
-- @db_name builtin_functionproperty
-- @author tungs1
-- @modified 2013-04-17 12:00:00
-- @created 2013-04-17 12:00:00
-- @executemode NORMAL
-- @tags functionPropertiesBuiltin HAWQ
-- start_ignore
SET gp_optimizer=on;SET gp_log_optimizer=on;
SET
SET
-- end_ignore
SELECT count( distinct i ) FROM (SELECT now() i, generate_series(1, 5) j) t;
 count 
-------
     1
(1 row)

