--
-- PostgreSQL port of the MySQL "World" database.
--
-- The sample data used in the world database is Copyright Statistics 
-- Finland, http://www.stat.fi/worldinfigures.
--
-- Modified to use it with GPDB
--start_ignore
DROP TABLE IF EXISTS city cascade;
psql:/home/balasr3/Perforce/cdbfast/private/suchitra/with_clause/world.sql:11: NOTICE:  drop cascades to rule _RETURN on view view_with_deep_nested_cte
psql:/home/balasr3/Perforce/cdbfast/private/suchitra/with_clause/world.sql:11: NOTICE:  drop cascades to view view_with_deep_nested_cte
DROP TABLE IF EXISTS country cascade;
psql:/home/balasr3/Perforce/cdbfast/private/suchitra/with_clause/world.sql:13: NOTICE:  table "country" does not exist, skipping
DROP TABLE IF EXISTS countrylanguage cascade;
psql:/home/balasr3/Perforce/cdbfast/private/suchitra/with_clause/world.sql:15: NOTICE:  table "countrylanguage" does not exist, skipping
--end_ignore
BEGIN;
--SET client_encoding = 'LATIN1';
CREATE TABLE city (
    id integer NOT NULL,
    name text NOT NULL,
    countrycode character(3) NOT NULL,
    district text NOT NULL,
    population integer NOT NULL
) distributed by(id);
CREATE TABLE country (
    code character(3) NOT NULL,
    name text NOT NULL,
    continent text NOT NULL,
    region text NOT NULL,
    surfacearea real NOT NULL,
    indepyear smallint,
    population integer NOT NULL,
    lifeexpectancy real,
    gnp numeric(10,2),
    gnpold numeric(10,2),
    localname text NOT NULL,
    governmentform text NOT NULL,
    headofstate text,
    capital integer,
    code2 character(2) NOT NULL
) distributed by (code);
CREATE TABLE countrylanguage (
    countrycode character(3) NOT NULL,
    "language" text NOT NULL,
    isofficial boolean NOT NULL,
    percentage real NOT NULL
)distributed by (countrycode,language);
COPY city (id, name, countrycode, district, population) FROM stdin;
--
-- Data for Name: country; Type: TABLE DATA; Schema: public; Owner: chriskl
--
COPY country (code, name, continent, region, surfacearea, indepyear, population, lifeexpectancy, gnp, gnpold, localname, governmentform, headofstate, capital, code2) FROM stdin WITH NULL AS '';
--
-- Data for Name: countrylanguage; Type: TABLE DATA; Schema: public; Owner: chriskl
--
COPY countrylanguage (countrycode, "language", isofficial, percentage) FROM stdin;
ALTER TABLE ONLY city
    ADD CONSTRAINT city_pkey PRIMARY KEY (id);
NOTICE:  ALTER TABLE / ADD PRIMARY KEY will create implicit index "city_pkey" for table "city"
ALTER TABLE ONLY country
    ADD CONSTRAINT country_pkey PRIMARY KEY (code);
NOTICE:  ALTER TABLE / ADD PRIMARY KEY will create implicit index "country_pkey" for table "country"
ALTER TABLE ONLY countrylanguage
    ADD CONSTRAINT countrylanguage_pkey PRIMARY KEY (countrycode, "language");
NOTICE:  ALTER TABLE / ADD PRIMARY KEY will create implicit index "countrylanguage_pkey" for table "countrylanguage"
COMMIT;
ANALYZE city;
ANALYZE country;
ANALYZE countrylanguage;
