set xmloption='document';
set optimizer_disable_missing_stats_collection = on;
\! gpfdist -p 45555 -d bugbuster/data &> bugbuster/data/xpath_gpfdist.out &
-- apparently this is needed on darwin
\! sleep 5
\echo --start_ignore
--start_ignore
drop external table if exists readxml;
NOTICE:  table "readxml" does not exist, skipping
\echo --end_ignore
--end_ignore
create readable external table readxml (text xml) location ('gpfdist://localhost:45555/CD.xml') format 'TEXT' (escape 'off' newline as 'CRLF');
select xml_in('<a></a>');
 xml_in  
---------
 <a></a>
(1 row)

select xml_in('<a></>');
ERROR:  invalid XML document
DETAIL:  Entity: line 1: parser error : Opening and ending tag mismatch: a line 1 and unparseable
<a></>
      ^
select xml_out((select xml_in('<a></a>')));
 xml_out 
---------
 <a></a>
(1 row)

select xml_out((select xml_in('<a>hello</a>')));
   xml_out    
--------------
 <a>hello</a>
(1 row)

select xml_out((select * from readxml));
                 xml_out                 
-----------------------------------------
 <CATALOG>                               
                                         
 <CD>                                    
 <TITLE>Empire Burlesque</TITLE>         
 <ARTIST>Bob Dylan</ARTIST>              
 <COUNTRY>USA</COUNTRY>                  
 <COMPANY>Columbia</COMPANY>             
 <PRICE>10.90</PRICE>                    
 <YEAR>1985</YEAR>                       
 </CD>                                   
                                         
 <CD>                                    
 <TITLE>Hide your heart</TITLE>          
 <ARTIST>Bonnie Tyler</ARTIST>           
 <COUNTRY>UK</COUNTRY>                   
 <COMPANY>CBS Records</COMPANY>          
 <PRICE>9.90</PRICE>                     
 <YEAR>1988</YEAR>                       
 </CD>                                   
                                         
 <CD>                                    
 <TITLE>Greatest Hits</TITLE>            
 <ARTIST>Dolly Parton</ARTIST>           
 <COUNTRY>USA</COUNTRY>                  
 <COMPANY>RCA</COMPANY>                  
 <PRICE>9.90</PRICE>                     
 <YEAR>1982</YEAR>                       
 </CD>                                   
                                         
 <CD>                                    
 <TITLE>Still got the blues</TITLE>      
 <ARTIST>Gary Moore</ARTIST>             
 <COUNTRY>UK</COUNTRY>                   
 <COMPANY>Virgin records</COMPANY>       
 <PRICE>10.20</PRICE>                    
 <YEAR>1990</YEAR>                       
 </CD>                                   
                                         
 <CD>                                    
 <TITLE>Eros</TITLE>                     
 <ARTIST>Eros Ramazzotti</ARTIST>        
 <COUNTRY>EU</COUNTRY>                   
 <COMPANY>BMG</COMPANY>                  
 <PRICE>9.90</PRICE>                     
 <YEAR>1997</YEAR>                       
 </CD>                                   
                                         
 <CD>                                    
 <TITLE>One night only</TITLE>           
 <ARTIST>Bee Gees</ARTIST>               
 <COUNTRY>UK</COUNTRY>                   
 <COMPANY>Polydor</COMPANY>              
 <PRICE>10.90</PRICE>                    
 <YEAR>1998</YEAR>                       
 </CD>                                   
                                         
 <CD>                                    
 <TITLE>Sylvias Mother</TITLE>           
 <ARTIST>Dr.Hook</ARTIST>                
 <COUNTRY>UK</COUNTRY>                   
 <COMPANY>CBS</COMPANY>                  
 <PRICE>8.10</PRICE>                     
 <YEAR>1973</YEAR>                       
 </CD>                                   
                                         
 <CD>                                    
 <TITLE>Maggie May</TITLE>               
 <ARTIST>Rod Stewart</ARTIST>            
 <COUNTRY>UK</COUNTRY>                   
 <COMPANY>Pickwick</COMPANY>             
 <PRICE>8.50</PRICE>                     
 <YEAR>1990</YEAR>                       
 </CD>                                   
                                         
 <CD>                                    
 <TITLE>Romanza</TITLE>                  
 <ARTIST>Andrea Bocelli</ARTIST>         
 <COUNTRY>EU</COUNTRY>                   
 <COMPANY>Polydor</COMPANY>              
 <PRICE>10.80</PRICE>                    
 <YEAR>1996</YEAR>                       
 </CD>                                   
                                         
 <CD>                                    
 <TITLE>When a man loves a woman</TITLE> 
 <ARTIST>Percy Sledge</ARTIST>           
 <COUNTRY>USA</COUNTRY>                  
 <COMPANY>Atlantic</COMPANY>             
 <PRICE>8.70</PRICE>                     
 <YEAR>1987</YEAR>                       
 </CD>                                   
                                         
 <CD>                                    
 <TITLE>Black angel</TITLE>              
 <ARTIST>Savage Rose</ARTIST>            
 <COUNTRY>EU</COUNTRY>                   
 <COMPANY>Mega</COMPANY>                 
 <PRICE>10.90</PRICE>                    
 <YEAR>1995</YEAR>                       
 </CD>                                   
                                         
 <CD>                                    
 <TITLE>1999 Grammy Nominees</TITLE>     
 <ARTIST>Many</ARTIST>                   
 <COUNTRY>USA</COUNTRY>                  
 <COMPANY>Grammy</COMPANY>               
 <PRICE>10.20</PRICE>                    
 <YEAR>1999</YEAR>                       
 </CD>                                   
                                         
 <CD>                                    
 <TITLE>For the good times</TITLE>       
 <ARTIST>Kenny Rogers</ARTIST>           
 <COUNTRY>UK</COUNTRY>                   
 <COMPANY>Mucik Master</COMPANY>         
 <PRICE>8.70</PRICE>                     
 <YEAR>1995</YEAR>                       
 </CD>                                   
                                         
 <CD>                                    
 <TITLE>Big Willie style</TITLE>         
 <ARTIST>Will Smith</ARTIST>             
 <COUNTRY>USA</COUNTRY>                  
 <COMPANY>Columbia</COMPANY>             
 <PRICE>9.90</PRICE>                     
 <YEAR>1997</YEAR>                       
 </CD>                                   
                                         
 <CD>                                    
 <TITLE>Tupelo Honey</TITLE>             
 <ARTIST>Van Morrison</ARTIST>           
 <COUNTRY>UK</COUNTRY>                   
 <COMPANY>Polydor</COMPANY>              
 <PRICE>8.20</PRICE>                     
 <YEAR>1971</YEAR>                       
 </CD>                                   
                                         
 <CD>                                    
 <TITLE>Soulsville</TITLE>               
 <ARTIST>Jorn Hoel</ARTIST>              
 <COUNTRY>Norway</COUNTRY>               
 <COMPANY>WEA</COMPANY>                  
 <PRICE>7.90</PRICE>                     
 <YEAR>1996</YEAR>                       
 </CD>                                   
                                         
 <CD>                                    
 <TITLE>The very best of</TITLE>         
 <ARTIST>Cat Stevens</ARTIST>            
 <COUNTRY>UK</COUNTRY>                   
 <COMPANY>Island</COMPANY>               
 <PRICE>8.90</PRICE>                     
 <YEAR>1990</YEAR>                       
 </CD>                                   
                                         
 <CD>                                    
 <TITLE>Stop</TITLE>                     
 <ARTIST>Sam Brown</ARTIST>              
 <COUNTRY>UK</COUNTRY>                   
 <COMPANY>A and M</COMPANY>              
 <PRICE>8.90</PRICE>                     
 <YEAR>1988</YEAR>                       
 </CD>                                   
                                         
 <CD>                                    
 <TITLE>Bridge of Spies</TITLE>          
 <ARTIST>T'Pau</ARTIST>                  
 <COUNTRY>UK</COUNTRY>                   
 <COMPANY>Siren</COMPANY>                
 <PRICE>7.90</PRICE>                     
 <YEAR>1987</YEAR>                       
 </CD>                                   
                                         
 <CD>                                    
 <TITLE>Private Dancer</TITLE>           
 <ARTIST>Tina Turner</ARTIST>            
 <COUNTRY>UK</COUNTRY>                   
 <COMPANY>Capitol</COMPANY>              
 <PRICE>8.90</PRICE>                     
 <YEAR>1983</YEAR>                       
 </CD>                                   
                                         
 <CD>                                    
 <TITLE>Midt om natten</TITLE>           
 <ARTIST>Kim Larsen</ARTIST>             
 <COUNTRY>EU</COUNTRY>                   
 <COMPANY>Medley</COMPANY>               
 <PRICE>7.80</PRICE>                     
 <YEAR>1983</YEAR>                       
 </CD>                                   
                                         
 <CD>                                    
 <TITLE>Pavarotti Gala Concert</TITLE>   
 <ARTIST>Luciano Pavarotti</ARTIST>      
 <COUNTRY>UK</COUNTRY>                   
 <COMPANY>DECCA</COMPANY>                
 <PRICE>9.90</PRICE>                     
 <YEAR>1991</YEAR>                       
 </CD>                                   
                                         
 <CD>                                    
 <TITLE>The dock of the bay</TITLE>      
 <ARTIST>Otis Redding</ARTIST>           
 <COUNTRY>USA</COUNTRY>                  
 <COMPANY>Atlantic</COMPANY>             
 <PRICE>7.90</PRICE>                     
 <YEAR>1987</YEAR>                       
 </CD>                                   
                                         
 <CD>                                    
 <TITLE>Picture book</TITLE>             
 <ARTIST>Simply Red</ARTIST>             
 <COUNTRY>EU</COUNTRY>                   
 <COMPANY>Elektra</COMPANY>              
 <PRICE>7.20</PRICE>                     
 <YEAR>1985</YEAR>                       
 </CD>                                   
                                         
 <CD>                                    
 <TITLE>Red</TITLE>                      
 <ARTIST>The Communards</ARTIST>         
 <COUNTRY>UK</COUNTRY>                   
 <COMPANY>London</COMPANY>               
 <PRICE>7.80</PRICE>                     
 <YEAR>1987</YEAR>                       
 </CD>                                   
                                         
 <CD>                                    
 <TITLE>Unchain my heart</TITLE>         
 <ARTIST>Joe Cocker</ARTIST>             
 <COUNTRY>USA</COUNTRY>                  
 <COMPANY>EMI</COMPANY>                  
 <PRICE>8.20</PRICE>                     
 <YEAR>1987</YEAR>                       
 </CD>                                   
 </CATALOG>                              
 
(1 row)

--negative test
select xml_out((select xml_in('<a>hello<a>')));
ERROR:  invalid XML document
DETAIL:  Entity: line 1: parser error : Premature end of data in tag a line 1
<a>hello<a>
           ^
Entity: line 1: parser error : Premature end of data in tag a line 1
<a>hello<a>
           ^
select xmlcomment(E'<a>hello<\a>');
     xmlcomment     
--------------------
 <!--<a>hello<a>-->
(1 row)

select xmlcomment('adsfasdfasdfsadf');
       xmlcomment        
-------------------------
 <!--adsfasdfasdfsadf-->
(1 row)

select xmlcomment(E'\n');
 xmlcomment 
------------
 <!--       
 -->
(1 row)

select xml('<hello></hello>');
       xml       
-----------------
 <hello></hello>
(1 row)

select xml('<a><say>speak</say><hello>say hello</hello></a>');
                       xml                       
-------------------------------------------------
 <a><say>speak</say><hello>say hello</hello></a>
(1 row)

select xml('hello');
ERROR:  invalid XML document
LINE 1: select xml('hello');
               ^
DETAIL:  Entity: line 1: parser error : Start tag expected, '<' not found
hello
^
select xml_send('<hello>say hello</hello>');
         xml_send         
--------------------------
 <hello>say hello</hello>
(1 row)

SELECT xmlconcat2('<abc/>', '<bar>foo</bar>');
      xmlconcat2      
----------------------
 <abc/><bar>foo</bar>
(1 row)

SELECT xmlconcat2('<?xml version="1.1"?><foo/>', '<?xml version="1.1" standalone="no"?><bar/>');
            xmlconcat2             
-----------------------------------
 <?xml version="1.1"?><foo/><bar/>
(1 row)

---negative test ---
SELECT xmlconcat2('1', '2');
ERROR:  invalid XML document
LINE 1: SELECT xmlconcat2('1', '2');
               ^
DETAIL:  Entity: line 1: parser error : Start tag expected, '<' not found
1
^
SELECT xmlconcat2(1, 2);
ERROR:  function xmlconcat2(integer, integer) does not exist
LINE 1: SELECT xmlconcat2(1, 2);
               ^
HINT:  No function matches the given name and argument types. You may need to add explicit type casts.
SELECT xmlconcat2('bad', '<syntax');
ERROR:  invalid XML document
LINE 1: SELECT xmlconcat2('bad', '<syntax');
               ^
DETAIL:  Entity: line 1: parser error : Start tag expected, '<' not found
bad
^
\echo --start_ignore
--start_ignore
drop table if exists test_xpath;
NOTICE:  table "test_xpath" does not exist, skipping
\echo --end_ignore
--end_ignore
CREATE TABLE test_xpath (y int, x xml);
NOTICE:  Table doesn't have 'DISTRIBUTED BY' clause -- Using column named 'y' as the Greenplum Database data distribution key for this table.
HINT:  The 'DISTRIBUTED BY' clause determines the distribution of data. Make sure column(s) chosen are the optimal data distribution key to minimize skew.
INSERT INTO test_xpath VALUES (1, '<foo>abc</foo>');
INSERT INTO test_xpath VALUES (2, '<bar/>');
SELECT xmlagg(x order by y) FROM test_xpath;
        xmlagg        
----------------------
 <foo>abc</foo><bar/>
(1 row)

SELECT xmlagg(x ORDER BY y DESC) FROM test_xpath;
        xmlagg        
----------------------
 <bar/><foo>abc</foo>
(1 row)

\echo --start_ignore
--start_ignore
drop table if exists xmlToText;
NOTICE:  table "xmltotext" does not exist, skipping
\echo --end_ignore
--end_ignore
create table xmlToText(xmltext text);
NOTICE:  Table doesn't have 'DISTRIBUTED BY' clause -- Using column named 'xmltext' as the Greenplum Database data distribution key for this table.
HINT:  The 'DISTRIBUTED BY' clause determines the distribution of data. Make sure column(s) chosen are the optimal data distribution key to minimize skew.
insert into xmlToText((select text((select * from readxml))));
select * from xmlToText;
                 xmltext                 
-----------------------------------------
 <CATALOG>                               
                                         
 <CD>                                    
 <TITLE>Empire Burlesque</TITLE>         
 <ARTIST>Bob Dylan</ARTIST>              
 <COUNTRY>USA</COUNTRY>                  
 <COMPANY>Columbia</COMPANY>             
 <PRICE>10.90</PRICE>                    
 <YEAR>1985</YEAR>                       
 </CD>                                   
                                         
 <CD>                                    
 <TITLE>Hide your heart</TITLE>          
 <ARTIST>Bonnie Tyler</ARTIST>           
 <COUNTRY>UK</COUNTRY>                   
 <COMPANY>CBS Records</COMPANY>          
 <PRICE>9.90</PRICE>                     
 <YEAR>1988</YEAR>                       
 </CD>                                   
                                         
 <CD>                                    
 <TITLE>Greatest Hits</TITLE>            
 <ARTIST>Dolly Parton</ARTIST>           
 <COUNTRY>USA</COUNTRY>                  
 <COMPANY>RCA</COMPANY>                  
 <PRICE>9.90</PRICE>                     
 <YEAR>1982</YEAR>                       
 </CD>                                   
                                         
 <CD>                                    
 <TITLE>Still got the blues</TITLE>      
 <ARTIST>Gary Moore</ARTIST>             
 <COUNTRY>UK</COUNTRY>                   
 <COMPANY>Virgin records</COMPANY>       
 <PRICE>10.20</PRICE>                    
 <YEAR>1990</YEAR>                       
 </CD>                                   
                                         
 <CD>                                    
 <TITLE>Eros</TITLE>                     
 <ARTIST>Eros Ramazzotti</ARTIST>        
 <COUNTRY>EU</COUNTRY>                   
 <COMPANY>BMG</COMPANY>                  
 <PRICE>9.90</PRICE>                     
 <YEAR>1997</YEAR>                       
 </CD>                                   
                                         
 <CD>                                    
 <TITLE>One night only</TITLE>           
 <ARTIST>Bee Gees</ARTIST>               
 <COUNTRY>UK</COUNTRY>                   
 <COMPANY>Polydor</COMPANY>              
 <PRICE>10.90</PRICE>                    
 <YEAR>1998</YEAR>                       
 </CD>                                   
                                         
 <CD>                                    
 <TITLE>Sylvias Mother</TITLE>           
 <ARTIST>Dr.Hook</ARTIST>                
 <COUNTRY>UK</COUNTRY>                   
 <COMPANY>CBS</COMPANY>                  
 <PRICE>8.10</PRICE>                     
 <YEAR>1973</YEAR>                       
 </CD>                                   
                                         
 <CD>                                    
 <TITLE>Maggie May</TITLE>               
 <ARTIST>Rod Stewart</ARTIST>            
 <COUNTRY>UK</COUNTRY>                   
 <COMPANY>Pickwick</COMPANY>             
 <PRICE>8.50</PRICE>                     
 <YEAR>1990</YEAR>                       
 </CD>                                   
                                         
 <CD>                                    
 <TITLE>Romanza</TITLE>                  
 <ARTIST>Andrea Bocelli</ARTIST>         
 <COUNTRY>EU</COUNTRY>                   
 <COMPANY>Polydor</COMPANY>              
 <PRICE>10.80</PRICE>                    
 <YEAR>1996</YEAR>                       
 </CD>                                   
                                         
 <CD>                                    
 <TITLE>When a man loves a woman</TITLE> 
 <ARTIST>Percy Sledge</ARTIST>           
 <COUNTRY>USA</COUNTRY>                  
 <COMPANY>Atlantic</COMPANY>             
 <PRICE>8.70</PRICE>                     
 <YEAR>1987</YEAR>                       
 </CD>                                   
                                         
 <CD>                                    
 <TITLE>Black angel</TITLE>              
 <ARTIST>Savage Rose</ARTIST>            
 <COUNTRY>EU</COUNTRY>                   
 <COMPANY>Mega</COMPANY>                 
 <PRICE>10.90</PRICE>                    
 <YEAR>1995</YEAR>                       
 </CD>                                   
                                         
 <CD>                                    
 <TITLE>1999 Grammy Nominees</TITLE>     
 <ARTIST>Many</ARTIST>                   
 <COUNTRY>USA</COUNTRY>                  
 <COMPANY>Grammy</COMPANY>               
 <PRICE>10.20</PRICE>                    
 <YEAR>1999</YEAR>                       
 </CD>                                   
                                         
 <CD>                                    
 <TITLE>For the good times</TITLE>       
 <ARTIST>Kenny Rogers</ARTIST>           
 <COUNTRY>UK</COUNTRY>                   
 <COMPANY>Mucik Master</COMPANY>         
 <PRICE>8.70</PRICE>                     
 <YEAR>1995</YEAR>                       
 </CD>                                   
                                         
 <CD>                                    
 <TITLE>Big Willie style</TITLE>         
 <ARTIST>Will Smith</ARTIST>             
 <COUNTRY>USA</COUNTRY>                  
 <COMPANY>Columbia</COMPANY>             
 <PRICE>9.90</PRICE>                     
 <YEAR>1997</YEAR>                       
 </CD>                                   
                                         
 <CD>                                    
 <TITLE>Tupelo Honey</TITLE>             
 <ARTIST>Van Morrison</ARTIST>           
 <COUNTRY>UK</COUNTRY>                   
 <COMPANY>Polydor</COMPANY>              
 <PRICE>8.20</PRICE>                     
 <YEAR>1971</YEAR>                       
 </CD>                                   
                                         
 <CD>                                    
 <TITLE>Soulsville</TITLE>               
 <ARTIST>Jorn Hoel</ARTIST>              
 <COUNTRY>Norway</COUNTRY>               
 <COMPANY>WEA</COMPANY>                  
 <PRICE>7.90</PRICE>                     
 <YEAR>1996</YEAR>                       
 </CD>                                   
                                         
 <CD>                                    
 <TITLE>The very best of</TITLE>         
 <ARTIST>Cat Stevens</ARTIST>            
 <COUNTRY>UK</COUNTRY>                   
 <COMPANY>Island</COMPANY>               
 <PRICE>8.90</PRICE>                     
 <YEAR>1990</YEAR>                       
 </CD>                                   
                                         
 <CD>                                    
 <TITLE>Stop</TITLE>                     
 <ARTIST>Sam Brown</ARTIST>              
 <COUNTRY>UK</COUNTRY>                   
 <COMPANY>A and M</COMPANY>              
 <PRICE>8.90</PRICE>                     
 <YEAR>1988</YEAR>                       
 </CD>                                   
                                         
 <CD>                                    
 <TITLE>Bridge of Spies</TITLE>          
 <ARTIST>T'Pau</ARTIST>                  
 <COUNTRY>UK</COUNTRY>                   
 <COMPANY>Siren</COMPANY>                
 <PRICE>7.90</PRICE>                     
 <YEAR>1987</YEAR>                       
 </CD>                                   
                                         
 <CD>                                    
 <TITLE>Private Dancer</TITLE>           
 <ARTIST>Tina Turner</ARTIST>            
 <COUNTRY>UK</COUNTRY>                   
 <COMPANY>Capitol</COMPANY>              
 <PRICE>8.90</PRICE>                     
 <YEAR>1983</YEAR>                       
 </CD>                                   
                                         
 <CD>                                    
 <TITLE>Midt om natten</TITLE>           
 <ARTIST>Kim Larsen</ARTIST>             
 <COUNTRY>EU</COUNTRY>                   
 <COMPANY>Medley</COMPANY>               
 <PRICE>7.80</PRICE>                     
 <YEAR>1983</YEAR>                       
 </CD>                                   
                                         
 <CD>                                    
 <TITLE>Pavarotti Gala Concert</TITLE>   
 <ARTIST>Luciano Pavarotti</ARTIST>      
 <COUNTRY>UK</COUNTRY>                   
 <COMPANY>DECCA</COMPANY>                
 <PRICE>9.90</PRICE>                     
 <YEAR>1991</YEAR>                       
 </CD>                                   
                                         
 <CD>                                    
 <TITLE>The dock of the bay</TITLE>      
 <ARTIST>Otis Redding</ARTIST>           
 <COUNTRY>USA</COUNTRY>                  
 <COMPANY>Atlantic</COMPANY>             
 <PRICE>7.90</PRICE>                     
 <YEAR>1987</YEAR>                       
 </CD>                                   
                                         
 <CD>                                    
 <TITLE>Picture book</TITLE>             
 <ARTIST>Simply Red</ARTIST>             
 <COUNTRY>EU</COUNTRY>                   
 <COMPANY>Elektra</COMPANY>              
 <PRICE>7.20</PRICE>                     
 <YEAR>1985</YEAR>                       
 </CD>                                   
                                         
 <CD>                                    
 <TITLE>Red</TITLE>                      
 <ARTIST>The Communards</ARTIST>         
 <COUNTRY>UK</COUNTRY>                   
 <COMPANY>London</COMPANY>               
 <PRICE>7.80</PRICE>                     
 <YEAR>1987</YEAR>                       
 </CD>                                   
                                         
 <CD>                                    
 <TITLE>Unchain my heart</TITLE>         
 <ARTIST>Joe Cocker</ARTIST>             
 <COUNTRY>USA</COUNTRY>                  
 <COMPANY>EMI</COMPANY>                  
 <PRICE>8.20</PRICE>                     
 <YEAR>1987</YEAR>                       
 </CD>                                   
 </CATALOG>                              
 
(1 row)

SELECT xpath('/my:a/value[.>15]',
'<my:a xmlns:my="http://example.com">
<value>20</value>
<value>10</value>
<value>30</value>
</my:a>',
ARRAY[ARRAY['my', 'http://example.com']]);
                 xpath                 
---------------------------------------
 {<value>20</value>,<value>30</value>}
(1 row)

SELECT xpath('//mydefns:b/text()', '<a xmlns="http://example.com"><b>test</b></a>',
ARRAY[ARRAY['mydefns', 'http://example.com']]);
 xpath  
--------
 {test}
(1 row)

select xpath('//YEAR/parent::node()/YEAR[1]/text()',(select * from readxml));
                                                                xpath                                                                
-------------------------------------------------------------------------------------------------------------------------------------
 {1985,1988,1982,1990,1997,1998,1973,1990,1996,1987,1995,1999,1995,1997,1971,1996,1990,1988,1987,1983,1983,1991,1987,1985,1987,1987}
(1 row)

select xpath('//CD[2]/YEAR/text()',(select * from readxml));
 xpath  
--------
 {1988}
(1 row)

select xmlexists('//YEAR/parent::node()/YEAR[1]/text()',(select * from readxml));
 xmlexists 
-----------
 t
(1 row)

select xmlexists('//CD[2]/YEAR/text()',(select * from readxml));
 xmlexists 
-----------
 t
(1 row)

---- negative ----
select xmlexists('//CD[50]/YEAR/text()',(select * from readxml));
 xmlexists 
-----------
 f
(1 row)

select xpath_exists('//YEAR/parent::node()/YEAR[1]/text()',(select * from readxml));
 xpath_exists 
--------------
 t
(1 row)

select xpath_exists('//CD[2]/YEAR/text()',(select * from readxml));
 xpath_exists 
--------------
 t
(1 row)

--- nagative ---
select xpath_exists('//CD[80]/YEAR',(select * from readxml));
 xpath_exists 
--------------
 f
(1 row)

SELECT xpath('/my:a/value[.>15]',
'<my:a xmlns:my="http://example.com">
<value>20</value>
<value>10</value>
<value>30</value>
</my:a>',
ARRAY[ARRAY['my', 'http://example.com']]);
                 xpath                 
---------------------------------------
 {<value>20</value>,<value>30</value>}
(1 row)

SELECT xpath_exists('//mydefns:b/text()', '<a xmlns="http://example.com"><b>test</b></a>',
ARRAY[ARRAY['mydefns', 'http://example.com']]);
 xpath_exists 
--------------
 t
(1 row)

--- negative ---
SELECT xpath_exists('//mydefns:c/text()', '<a xmlns="http://example.com"><b>test</b></a>',
ARRAY[ARRAY['mydefns', 'http://example.com']]);
 xpath_exists 
--------------
 f
(1 row)

select xml_is_well_formed(text((select * from readxml)));
 xml_is_well_formed 
--------------------
 t
(1 row)

select xml_is_well_formed_document(text((select * from readxml)));
 xml_is_well_formed_document 
-----------------------------
 t
(1 row)

select xml_is_well_formed_content(text((select * from readxml)));
 xml_is_well_formed_content 
----------------------------
 t
(1 row)

select xml_is_well_formed_content('<adf>adsfasdf<adf>');
 xml_is_well_formed_content 
----------------------------
 f
(1 row)

select xml_is_well_formed_content('<adf>adsfasdf');
 xml_is_well_formed_content 
----------------------------
 f
(1 row)

\! ps -ef | grep "gpfdist -p 45555" | grep -v grep | awk '{print $2}' | xargs kill &> bugbuster/data/xpath_kill_gpfdist.out
