--
-- test CREATE EXTERNAL TABLE privileges
--
show gp_external_grant_privileges; -- MUST BE OFF for the following tests to work.
 gp_external_grant_privileges 
------------------------------
 off
(1 row)

CREATE ROLE exttab1_su SUPERUSER; -- SU with no privs in pg_auth
CREATE ROLE exttab1_u4 CREATEEXTTABLE(protocol='gphdfs', type='readable'); 
WARNING:  GRANT/REVOKE on gphdfs is deprecated
HINT:  Issue the GRANT or REVOKE on the protocol itself
NOTICE:  resource queue required -- using default resource queue "pg_default"
WARNING:  GRANT/REVOKE on gphdfs is deprecated  (seg1 localhost:50001 pid=64820)
HINT:  Issue the GRANT or REVOKE on the protocol itself
WARNING:  GRANT/REVOKE on gphdfs is deprecated  (seg0 localhost:50000 pid=64819)
HINT:  Issue the GRANT or REVOKE on the protocol itself
CREATE ROLE exttab1_u5 CREATEEXTTABLE(protocol='gphdfs', type='writable'); 
WARNING:  GRANT/REVOKE on gphdfs is deprecated
HINT:  Issue the GRANT or REVOKE on the protocol itself
NOTICE:  resource queue required -- using default resource queue "pg_default"
WARNING:  GRANT/REVOKE on gphdfs is deprecated  (seg0 localhost:50000 pid=64819)
HINT:  Issue the GRANT or REVOKE on the protocol itself
WARNING:  GRANT/REVOKE on gphdfs is deprecated  (seg1 localhost:50001 pid=64820)
HINT:  Issue the GRANT or REVOKE on the protocol itself
CREATE ROLE exttab1_u6 NOCREATEEXTTABLE(protocol='gphdfs', type='readable') NOCREATEEXTTABLE(protocol='gphdfs', type='writable');
WARNING:  GRANT/REVOKE on gphdfs is deprecated
HINT:  Issue the GRANT or REVOKE on the protocol itself
WARNING:  GRANT/REVOKE on gphdfs is deprecated
HINT:  Issue the GRANT or REVOKE on the protocol itself
NOTICE:  resource queue required -- using default resource queue "pg_default"
WARNING:  GRANT/REVOKE on gphdfs is deprecated  (seg1 localhost:50001 pid=64820)
HINT:  Issue the GRANT or REVOKE on the protocol itself
WARNING:  GRANT/REVOKE on gphdfs is deprecated  (seg0 localhost:50000 pid=64819)
HINT:  Issue the GRANT or REVOKE on the protocol itself
WARNING:  GRANT/REVOKE on gphdfs is deprecated  (seg0 localhost:50000 pid=64819)
HINT:  Issue the GRANT or REVOKE on the protocol itself
WARNING:  GRANT/REVOKE on gphdfs is deprecated  (seg1 localhost:50001 pid=64820)
HINT:  Issue the GRANT or REVOKE on the protocol itself
CREATE ROLE exttab1_u7 CREATEEXTTABLE(protocol='gphdfs') NOCREATEEXTTABLE(protocol='gphdfs', type='readable'); -- fail due to conflict 
WARNING:  GRANT/REVOKE on gphdfs is deprecated
HINT:  Issue the GRANT or REVOKE on the protocol itself
WARNING:  GRANT/REVOKE on gphdfs is deprecated
HINT:  Issue the GRANT or REVOKE on the protocol itself
NOTICE:  resource queue required -- using default resource queue "pg_default"
ERROR:  conflicting specifications in CREATEEXTTABLE and NOCREATEEXTTABLE
CREATE ROLE exttab1_u7 CREATEEXTTABLE(protocol='gphdfs', type='writable') NOCREATEEXTTABLE(protocol='gphdfs', type='writable'); -- fail due to conflict 
WARNING:  GRANT/REVOKE on gphdfs is deprecated
HINT:  Issue the GRANT or REVOKE on the protocol itself
WARNING:  GRANT/REVOKE on gphdfs is deprecated
HINT:  Issue the GRANT or REVOKE on the protocol itself
NOTICE:  resource queue required -- using default resource queue "pg_default"
ERROR:  conflicting specifications in CREATEEXTTABLE and NOCREATEEXTTABLE
SET SESSION AUTHORIZATION exttab1_u4;
create external table auth_ext_test5(a int) location ('gphdfs://host:8000/file') format 'text';
ERROR:  permission denied for external protocol gphdfs
create writable external table auth_ext_test6(a int) location ('gphdfs://host:8000/file') format 'text'; -- fail
ERROR:  permission denied for external protocol gphdfs
RESET SESSION AUTHORIZATION;
SET SESSION AUTHORIZATION exttab1_u5;
create writable external table auth_ext_test7(a int) location ('gphdfs://host:8000/file') format 'text';
ERROR:  permission denied for external protocol gphdfs
create external table auth_ext_test8(a int) location ('gphdfs://host:8000/file') format 'text';           -- fail
ERROR:  permission denied for external protocol gphdfs
RESET SESSION AUTHORIZATION;
SET SESSION AUTHORIZATION exttab1_u6;
create writable external table auth_ext_test9(a int) location ('gphdfs://host:8000/file') format 'text';  -- fail
ERROR:  permission denied for external protocol gphdfs
create external table auth_ext_test9(a int) location ('gphdfs://host:8000/file') format 'text';           -- fail
ERROR:  permission denied for external protocol gphdfs
RESET SESSION AUTHORIZATION;
drop external table auth_ext_test5;
ERROR:  table "auth_ext_test5" does not exist
drop external table auth_ext_test7;
ERROR:  table "auth_ext_test7" does not exist
DROP ROLE exttab1_su;
DROP ROLE exttab1_u4;
DROP ROLE exttab1_u5;
DROP ROLE exttab1_u6;
