drop table if exists _tmp_table;
NOTICE:  table "_tmp_table" does not exist, skipping
create table _tmp_table (i1 int, i2 int, i3 int, i4 int);
NOTICE:  Table doesn't have 'DISTRIBUTED BY' clause -- Using column named 'i1' as the Greenplum Database data distribution key for this table.
HINT:  The 'DISTRIBUTED BY' clause determines the distribution of data. Make sure column(s) chosen are the optimal data distribution key to minimize skew.
insert into _tmp_table select i, i % 100, i % 10000, i % 75 from generate_series(0,99999) i;
-- make sort to spill
set statement_mem="2MB";
set gp_enable_mk_sort=on;
set gp_cte_sharing=on;
--start_ignore
\! gpfaultinjector -f execsort_mksort_mergeruns -y reset --seg_dbid 2
20160114:18:51:50:053424 gpfaultinjector:nikos-mac:narmenatzoglou-[INFO]:-Starting gpfaultinjector with args: -f execsort_mksort_mergeruns -y reset --seg_dbid 2
20160114:18:51:50:053424 gpfaultinjector:nikos-mac:narmenatzoglou-[INFO]:-local Greenplum Version: 'postgres (Greenplum Database) 4.3.99.00 build dev'
20160114:18:51:50:053424 gpfaultinjector:nikos-mac:narmenatzoglou-[INFO]:-Obtaining Segment details from master...
20160114:18:51:50:053424 gpfaultinjector:nikos-mac:narmenatzoglou-[INFO]:-Injecting fault on 1 segment(s)
20160114:18:51:50:053424 gpfaultinjector:nikos-mac:narmenatzoglou-[INFO]:-Injecting fault on nikos-mac:/Users/narmenatzoglou/gitdev/gpdb/gpdb-data/p1/gpseg0:content=0:dbid=2:mode=s:status=u
20160114:18:51:50:053424 gpfaultinjector:nikos-mac:narmenatzoglou-[INFO]:-DONE
-- set QueryFinishPending=true in sort mergeruns. This will stop sort and set result_tape to NULL
\! gpfaultinjector -f execsort_mksort_mergeruns -y finish_pending --seg_dbid 2
20160114:18:51:50:053436 gpfaultinjector:nikos-mac:narmenatzoglou-[INFO]:-Starting gpfaultinjector with args: -f execsort_mksort_mergeruns -y finish_pending --seg_dbid 2
20160114:18:51:51:053436 gpfaultinjector:nikos-mac:narmenatzoglou-[INFO]:-local Greenplum Version: 'postgres (Greenplum Database) 4.3.99.00 build dev'
20160114:18:51:51:053436 gpfaultinjector:nikos-mac:narmenatzoglou-[INFO]:-Obtaining Segment details from master...
20160114:18:51:51:053436 gpfaultinjector:nikos-mac:narmenatzoglou-[INFO]:-Injecting fault on 1 segment(s)
20160114:18:51:51:053436 gpfaultinjector:nikos-mac:narmenatzoglou-[INFO]:-Injecting fault on nikos-mac:/Users/narmenatzoglou/gitdev/gpdb/gpdb-data/p1/gpseg0:content=0:dbid=2:mode=s:status=u
20160114:18:51:51:053436 gpfaultinjector:nikos-mac:narmenatzoglou-[INFO]:-DONE
--end_ignore
-- return results although sort will be interrupted in one of the segments 
select DISTINCT S from (select row_number() over(partition by i1 order by i2) AS T, count(*) over (partition by i1) AS S from _tmp_table) AS TMP;
 s 
---
 1
(1 row)

-- test if shared input scan deletes memory correctly when QueryFinishPending and its child has been eagerly freed,
-- where the child is a Sort node
drop table if exists testsisc;
NOTICE:  table "testsisc" does not exist, skipping
create table testsisc (i1 int, i2 int, i3 int, i4 int); 
NOTICE:  Table doesn't have 'DISTRIBUTED BY' clause -- Using column named 'i1' as the Greenplum Database data distribution key for this table.
HINT:  The 'DISTRIBUTED BY' clause determines the distribution of data. Make sure column(s) chosen are the optimal data distribution key to minimize skew.
insert into testsisc select i, i % 1000, i % 100000, i % 75 from
(select generate_series(1, nsegments * 50000) as i from 
	(select count(*) as nsegments from gp_segment_configuration where role='p' and content >= 0) foo) bar; 
set gp_resqueue_print_operator_memory_limits=on;
set statement_mem='2MB';
set gp_enable_mk_sort=off;
--start_ignore
\! gpfaultinjector -f execshare_input_next -y reset --seg_dbid 2
20160613:12:35:36:047730 gpfaultinjector:nikos-mac:narmenatzoglou-[INFO]:-Starting gpfaultinjector with args: -f execshare_input_next -y reset --seg_dbid 2
20160613:12:35:36:047730 gpfaultinjector:nikos-mac:narmenatzoglou-[INFO]:-local Greenplum Version: 'postgres (Greenplum Database) 4.3.99.00 build dev'
20160613:12:35:36:047730 gpfaultinjector:nikos-mac:narmenatzoglou-[INFO]:-Obtaining Segment details from master...
20160613:12:35:36:047730 gpfaultinjector:nikos-mac:narmenatzoglou-[INFO]:-Injecting fault on 1 segment(s)
20160613:12:35:36:047730 gpfaultinjector:nikos-mac:narmenatzoglou-[INFO]:-Injecting fault on nikos-mac:/Users/narmenatzoglou/gitdev/gpdb/github_updated/gpdb/gpAux/gpdemo/datadirs/dbfast1/demoDataDir0:content=0:dbid=2:mode=s:status=u
20160613:12:35:36:047730 gpfaultinjector:nikos-mac:narmenatzoglou-[INFO]:-DONE
-- Set QueryFinishPending to true after SharedInputScan has retrieved the first tuple. 
-- This will eagerly free the memory context of shared input scan's child node.  
\! gpfaultinjector -f execshare_input_next -y finish_pending --seg_dbid 2
20160613:12:35:36:047742 gpfaultinjector:nikos-mac:narmenatzoglou-[INFO]:-Starting gpfaultinjector with args: -f execshare_input_next -y finish_pending --seg_dbid 2
20160613:12:35:36:047742 gpfaultinjector:nikos-mac:narmenatzoglou-[INFO]:-local Greenplum Version: 'postgres (Greenplum Database) 4.3.99.00 build dev'
20160613:12:35:36:047742 gpfaultinjector:nikos-mac:narmenatzoglou-[INFO]:-Obtaining Segment details from master...
20160613:12:35:36:047742 gpfaultinjector:nikos-mac:narmenatzoglou-[INFO]:-Injecting fault on 1 segment(s)
20160613:12:35:36:047742 gpfaultinjector:nikos-mac:narmenatzoglou-[INFO]:-Injecting fault on nikos-mac:/Users/narmenatzoglou/gitdev/gpdb/github_updated/gpdb/gpAux/gpdemo/datadirs/dbfast1/demoDataDir0:content=0:dbid=2:mode=s:status=u
20160613:12:35:36:047742 gpfaultinjector:nikos-mac:narmenatzoglou-[INFO]:-DONE
--end_ignore
select COUNT(i2) over(partition by i1)
from testsisc
LIMIT 2;
 count 
-------
     1
     1
(2 rows)

-- test if shared input scan deletes memory correctly when QueryFinishPending and its child has been eagerly freed,
-- where the child is a Sort node and sort_mk algorithm is used
set gp_enable_mk_sort=on;
--start_ignore
\! gpfaultinjector -f execshare_input_next -y reset --seg_dbid 2
20160613:15:25:14:080825 gpfaultinjector:nikos-mac:narmenatzoglou-[INFO]:-Starting gpfaultinjector with args: -f execshare_input_next -y reset --seg_dbid 2
20160613:15:25:14:080825 gpfaultinjector:nikos-mac:narmenatzoglou-[INFO]:-local Greenplum Version: 'postgres (Greenplum Database) 4.3.99.00 build dev'
20160613:15:25:14:080825 gpfaultinjector:nikos-mac:narmenatzoglou-[INFO]:-Obtaining Segment details from master...
20160613:15:25:14:080825 gpfaultinjector:nikos-mac:narmenatzoglou-[INFO]:-Injecting fault on 1 segment(s)
20160613:15:25:14:080825 gpfaultinjector:nikos-mac:narmenatzoglou-[INFO]:-Injecting fault on nikos-mac:/Users/narmenatzoglou/gitdev/gpdb/github_updated/gpdb/gpAux/gpdemo/datadirs/dbfast1/demoDataDir0:content=0:dbid=2:mode=s:status=u
20160613:15:25:14:080825 gpfaultinjector:nikos-mac:narmenatzoglou-[INFO]:-DONE
-- Set QueryFinishPending to true after SharedInputScan has retrieved the first tuple. 
-- This will eagerly free the memory context of shared input scan's child node.  
\! gpfaultinjector -f execshare_input_next -y finish_pending --seg_dbid 2
20160613:15:25:14:080837 gpfaultinjector:nikos-mac:narmenatzoglou-[INFO]:-Starting gpfaultinjector with args: -f execshare_input_next -y finish_pending --seg_dbid 2
20160613:15:25:14:080837 gpfaultinjector:nikos-mac:narmenatzoglou-[INFO]:-local Greenplum Version: 'postgres (Greenplum Database) 4.3.99.00 build dev'
20160613:15:25:14:080837 gpfaultinjector:nikos-mac:narmenatzoglou-[INFO]:-Obtaining Segment details from master...
20160613:15:25:14:080837 gpfaultinjector:nikos-mac:narmenatzoglou-[INFO]:-Injecting fault on 1 segment(s)
20160613:15:25:14:080837 gpfaultinjector:nikos-mac:narmenatzoglou-[INFO]:-Injecting fault on nikos-mac:/Users/narmenatzoglou/gitdev/gpdb/github_updated/gpdb/gpAux/gpdemo/datadirs/dbfast1/demoDataDir0:content=0:dbid=2:mode=s:status=u
20160613:15:25:14:080837 gpfaultinjector:nikos-mac:narmenatzoglou-[INFO]:-DONE
--end_ignore
select COUNT(i2) over(partition by i1)
from testsisc
LIMIT 2;
 count 
-------
     1
     1
(2 rows)

reset gp_enable_mk_sort;
-- Disable faultinjectors
--start_ignore
\! gpfaultinjector -f execsort_mksort_mergeruns -y reset --seg_dbid 2
20160621:08:58:20:039567 gpfaultinjector:nikos-mac:narmenatzoglou-[INFO]:-Starting gpfaultinjector with args: -f execsort_mksort_mergeruns -y reset --seg_dbid 2
20160621:08:58:20:039567 gpfaultinjector:nikos-mac:narmenatzoglou-[INFO]:-local Greenplum Version: 'postgres (Greenplum Database) 4.3.99.00 build dev'
20160621:08:58:20:039567 gpfaultinjector:nikos-mac:narmenatzoglou-[INFO]:-Obtaining Segment details from master...
20160621:08:58:20:039567 gpfaultinjector:nikos-mac:narmenatzoglou-[INFO]:-Injecting fault on 1 segment(s)
20160621:08:58:20:039567 gpfaultinjector:nikos-mac:narmenatzoglou-[INFO]:-Injecting fault on nikos-mac:/Users/narmenatzoglou/gitdev/gpdb/github_updated/gpdb/gpAux/gpdemo/datadirs/dbfast1/demoDataDir0:content=0:dbid=2:mode=s:status=u
20160621:08:58:20:039567 gpfaultinjector:nikos-mac:narmenatzoglou-[INFO]:-DONE
\! gpfaultinjector -f execshare_input_next -y reset --seg_dbid 2
20160621:08:58:20:039579 gpfaultinjector:nikos-mac:narmenatzoglou-[INFO]:-Starting gpfaultinjector with args: -f execshare_input_next -y reset --seg_dbid 2
20160621:08:58:20:039579 gpfaultinjector:nikos-mac:narmenatzoglou-[INFO]:-local Greenplum Version: 'postgres (Greenplum Database) 4.3.99.00 build dev'
20160621:08:58:20:039579 gpfaultinjector:nikos-mac:narmenatzoglou-[INFO]:-Obtaining Segment details from master...
20160621:08:58:20:039579 gpfaultinjector:nikos-mac:narmenatzoglou-[INFO]:-Injecting fault on 1 segment(s)
20160621:08:58:20:039579 gpfaultinjector:nikos-mac:narmenatzoglou-[INFO]:-Injecting fault on nikos-mac:/Users/narmenatzoglou/gitdev/gpdb/github_updated/gpdb/gpAux/gpdemo/datadirs/dbfast1/demoDataDir0:content=0:dbid=2:mode=s:status=u
20160621:08:58:20:039579 gpfaultinjector:nikos-mac:narmenatzoglou-[INFO]:-DONE
--end_ignore
